exports[`test renders correctly 1`] = `
<View
  accessibilityComponentType="button"
  accessibilityLabel={undefined}
  accessibilityTraits="button"
  accessible={true}
  hitSlop={undefined}
  onLayout={undefined}
  onResponderGrant={[Function]}
  onResponderMove={[Function]}
  onResponderRelease={[Function]}
  onResponderTerminate={[Function]}
  onResponderTerminationRequest={[Function]}
  onStartShouldSetResponder={[Function]}
  style={
    Object {
      "borderColor": "#4AC948",
      "borderRadius": 4,
      "borderWidth": 1,
      "margin": 15,
      "marginTop": 20,
      "opacity": 1,
      "overflow": "hidden",
      "padding": 8,
    }
  }
  testID={undefined}>
  <Text
    accessible={true}
    allowFontScaling={true}
    ellipsizeMode="tail"
    style={
      Array [
        Object {
          "color": "#007aff",
          "fontFamily": "HelveticaNeue-Medium",
          "fontSize": 17,
          "fontWeight": "bold",
          "textAlign": "center",
        },
        null,
        Array [
          Object {
            "fontSize": 20,
            "fontWeight": "500",
          },
          Object {
            "color": "#4AC948",
          },
        ],
        null,
      ]
    }>
    Log In
  </Text>
</View>
`;
