exports[`test renders correctly 1`] = `
<View
  style={
    Object {
      "alignItems": "center",
      "backgroundColor": "#eaeaea",
      "flex": 1,
      "height": 1334,
      "justifyContent": "center",
      "width": 750,
    }
  }>
  <View
    style={
      Object {
        "width": 300,
      }
    }>
    <Text
      accessible={true}
      allowFontScaling={true}
      ellipsizeMode="tail"
      style={
        Object {
          "color": "#4AC948",
          "fontFamily": "airstream",
          "fontSize": 142,
          "marginBottom": -40,
          "textAlign": "center",
        }
      }>
      Queue
    </Text>
    <TextInput
      autoCapitalize="none"
      autoFocus={undefined}
      keyboardType="email-address"
      onChangeText={[Function]}
      placeholder="Email"
      style={
        Array [
          Object {
            "alignItems": "center",
            "backgroundColor": "white",
            "borderRadius": 2,
            "height": 40,
            "justifyContent": "center",
            "margin": 10,
            "paddingLeft": 15,
            "paddingRight": 15,
          },
          Object {
            "color": "#4AC948",
          },
        ]
      }
      value="" />
    <View
      accessibilityComponentType="button"
      accessibilityLabel={undefined}
      accessibilityTraits="button"
      accessible={true}
      hitSlop={undefined}
      onLayout={undefined}
      onResponderGrant={[Function]}
      onResponderMove={[Function]}
      onResponderRelease={[Function]}
      onResponderTerminate={[Function]}
      onResponderTerminationRequest={[Function]}
      onStartShouldSetResponder={[Function]}
      style={
        Object {
          "borderColor": "#4AC948",
          "borderRadius": 4,
          "borderWidth": 1,
          "margin": 15,
          "marginTop": 20,
          "opacity": 1,
          "overflow": "hidden",
          "padding": 8,
        }
      }
      testID={undefined}>
      <Text
        accessible={true}
        allowFontScaling={true}
        ellipsizeMode="tail"
        style={
          Array [
            Object {
              "color": "#007aff",
              "fontFamily": "HelveticaNeue-Medium",
              "fontSize": 17,
              "fontWeight": "bold",
              "textAlign": "center",
            },
            null,
            Array [
              Object {
                "fontSize": 20,
                "fontWeight": "500",
              },
              Object {
                "color": "#4AC948",
              },
            ],
            null,
          ]
        }>
        Reset Password
      </Text>
    </View>
    <View
      accessibilityComponentType={undefined}
      accessibilityLabel={undefined}
      accessibilityTraits={undefined}
      accessible={true}
      hitSlop={undefined}
      onLayout={undefined}
      onResponderGrant={[Function]}
      onResponderMove={[Function]}
      onResponderRelease={[Function]}
      onResponderTerminate={[Function]}
      onResponderTerminationRequest={[Function]}
      onStartShouldSetResponder={[Function]}
      style={
        Array [
          Object {
            "backgroundColor": "transparent",
          },
          undefined,
        ]
      }
      testID={undefined}>
      <Text
        accessible={true}
        allowFontScaling={true}
        ellipsizeMode="tail"
        style={
          Array [
            Object {
              "color": "#4AC948",
              "fontSize": 14,
              "padding": 5,
              "paddingBottom": 15,
              "textAlign": "center",
            },
            Object {
              "fontSize": 16,
            },
          ]
        }>
        Backâ†µ 
      </Text>
    </View>
    <View
      style={
        Array [
          Object {
            "bottom": 0,
            "left": 0,
            "right": 0,
          },
          Object {
            "height": 0,
          },
          undefined,
        ]
      } />
  </View>
</View>
`;
