exports[`test renders correctly 1`] = `
<View>
  <Text
    accessible={true}
    allowFontScaling={true}
    ellipsizeMode="tail">
    Home Scene
  </Text>
</View>
`;
