exports[`test renders correctly 1`] = `
<View
  style={
    Object {
      "alignItems": "center",
      "backgroundColor": "#eaeaea",
      "flex": 1,
      "height": 1334,
      "justifyContent": "center",
      "width": 750,
    }
  }>
  <View
    style={
      Object {
        "width": 300,
      }
    }>
    <Text
      accessible={true}
      allowFontScaling={true}
      ellipsizeMode="tail"
      style={
        Object {
          "color": "#48C948",
          "fontFamily": "airstream",
          "fontSize": 142,
          "marginBottom": -40,
          "textAlign": "center",
        }
      }>
      Queue
    </Text>
    <TextInput
      autoCapitalize="none"
      autoFocus={false}
      keyboardType="email-address"
      onChangeText={[Function]}
      placeholder="Email"
      style={
        Array [
          Object {
            "alignItems": "center",
            "backgroundColor": "white",
            "borderRadius": 2,
            "fontFamily": "Helvetica Neue",
            "height": 40,
            "justifyContent": "center",
            "margin": 10,
            "paddingLeft": 15,
            "paddingRight": 15,
          },
          Object {
            "color": "#48C948",
          },
        ]
      }
      value="" />
    <View>
      <TextInput
        autoCapitalize="none"
        editable={undefined}
        onChangeText={[Function]}
        placeholder="Password"
        secureTextEntry={true}
        style={
          Array [
            Object {
              "alignItems": "center",
              "backgroundColor": "white",
              "borderRadius": 2,
              "color": "#48C948",
              "fontFamily": "Helvetica Neue",
              "height": 40,
              "justifyContent": "center",
              "margin": 10,
              "paddingLeft": 15,
              "paddingRight": 15,
              "zIndex": 1,
            },
            Object {
              "color": "#48C948",
            },
          ]
        }
        value="" />
      <View
        accessibilityComponentType={undefined}
        accessibilityLabel={undefined}
        accessibilityTraits={undefined}
        accessible={true}
        hitSlop={undefined}
        onLayout={undefined}
        onResponderGrant={[Function]}
        onResponderMove={[Function]}
        onResponderRelease={[Function]}
        onResponderTerminate={[Function]}
        onResponderTerminationRequest={[Function]}
        onStartShouldSetResponder={[Function]}
        style={
          Array [
            Object {
              "backgroundColor": "transparent",
            },
            Object {
              "backgroundColor": "transparent",
              "position": "absolute",
              "right": 20,
              "top": 20,
              "zIndex": 9999,
            },
          ]
        }
        testID={undefined}>
        <Text
          accessible={true}
          allowFontScaling={true}
          ellipsizeMode="tail"
          style={
            Object {
              "color": "#48C948",
            }
          }>
          👁
        </Text>
      </View>
    </View>
    <View
      accessibilityComponentType="button"
      accessibilityLabel={undefined}
      accessibilityTraits="button"
      accessible={true}
      hitSlop={undefined}
      onLayout={undefined}
      onResponderGrant={[Function]}
      onResponderMove={[Function]}
      onResponderRelease={[Function]}
      onResponderTerminate={[Function]}
      onResponderTerminationRequest={[Function]}
      onStartShouldSetResponder={[Function]}
      style={
        Object {
          "borderColor": "#48C948",
          "borderRadius": 4,
          "borderWidth": 1,
          "margin": 15,
          "marginTop": 20,
          "opacity": 1,
          "overflow": "hidden",
          "padding": 8,
        }
      }
      testID={undefined}>
      <Text
        accessible={true}
        allowFontScaling={true}
        ellipsizeMode="tail"
        style={
          Array [
            Object {
              "color": "#007aff",
              "fontFamily": "HelveticaNeue-Medium",
              "fontSize": 17,
              "fontWeight": "bold",
              "textAlign": "center",
            },
            null,
            Array [
              Object {
                "fontSize": 20,
                "fontWeight": "500",
              },
              Object {
                "color": "#48C948",
              },
            ],
            null,
          ]
        }>
        Sign Up
      </Text>
    </View>
    <View
      accessibilityComponentType={undefined}
      accessibilityLabel={undefined}
      accessibilityTraits={undefined}
      accessible={true}
      hitSlop={undefined}
      onLayout={undefined}
      onResponderGrant={[Function]}
      onResponderMove={[Function]}
      onResponderRelease={[Function]}
      onResponderTerminate={[Function]}
      onResponderTerminationRequest={[Function]}
      onStartShouldSetResponder={[Function]}
      style={
        Array [
          Object {
            "backgroundColor": "transparent",
          },
          undefined,
        ]
      }
      testID={undefined}>
      <Text
        accessible={true}
        allowFontScaling={true}
        ellipsizeMode="tail"
        style={
          Array [
            Object {
              "color": "#48C948",
              "fontSize": 14,
              "letterSpacing": 1,
              "padding": 5,
              "paddingBottom": 15,
              "textAlign": "center",
            },
            Object {
              "fontFamily": "Helvetica Neue",
              "fontSize": 16,
            },
          ]
        }>
        Already have an account?
      </Text>
    </View>
    <View
      style={
        Array [
          Object {
            "bottom": 0,
            "left": 0,
            "right": 0,
          },
          Object {
            "height": 0,
          },
          undefined,
        ]
      } />
  </View>
</View>
`;
