exports[`test renders correctly 1`] = `
<View
  style={
    Object {
      "alignItems": "center",
      "backgroundColor": "#eaeaea",
      "flex": 1,
      "height": 1334,
      "justifyContent": "center",
      "width": 750,
    }
  }>
  <View
    style={
      Object {
        "width": 250,
      }
    }>
    <Text
      accessible={true}
      allowFontScaling={true}
      ellipsizeMode="tail"
      style={
        Object {
          "color": "#4AC948",
          "fontFamily": "airstream",
          "fontSize": 100,
          "marginBottom": -20,
          "textAlign": "center",
        }
      }>
      Queue
    </Text>
    <View
      style={
        Object {
          "alignItems": "center",
          "backgroundColor": "white",
          "borderRadius": 2,
          "height": 40,
          "justifyContent": "center",
          "margin": 10,
          "padding": 15,
        }
      }>
      <TextInput
        onChangeText={[Function]}
        placeholder="Email"
        style={
          Object {
            "flex": 1,
          }
        }
        value="" />
    </View>
    <View
      style={
        Object {
          "alignItems": "center",
          "backgroundColor": "white",
          "borderRadius": 2,
          "height": 40,
          "justifyContent": "center",
          "margin": 10,
          "padding": 15,
        }
      }>
      <TextInput
        onChangeText={[Function]}
        placeholder="Password"
        value="" />
    </View>
    <View
      accessibilityComponentType="button"
      accessibilityLabel={undefined}
      accessibilityTraits="button"
      accessible={true}
      hitSlop={undefined}
      onLayout={undefined}
      onResponderGrant={[Function]}
      onResponderMove={[Function]}
      onResponderRelease={[Function]}
      onResponderTerminate={[Function]}
      onResponderTerminationRequest={[Function]}
      onStartShouldSetResponder={[Function]}
      style={
        Object {
          "borderColor": "#4AC948",
          "borderRadius": 4,
          "borderWidth": 1,
          "margin": 15,
          "marginTop": 20,
          "opacity": 1,
          "overflow": "hidden",
          "padding": 8,
        }
      }
      testID={undefined}>
      <Text
        accessible={true}
        allowFontScaling={true}
        ellipsizeMode="tail"
        style={
          Array [
            Object {
              "color": "#007aff",
              "fontFamily": "HelveticaNeue-Medium",
              "fontSize": 17,
              "fontWeight": "bold",
              "textAlign": "center",
            },
            null,
            Object {
              "color": "#4AC948",
              "fontSize": 20,
              "fontWeight": "300",
            },
            null,
          ]
        }>
        Sign In
      </Text>
    </View>
    <View
      accessibilityComponentType={undefined}
      accessibilityLabel={undefined}
      accessibilityTraits={undefined}
      accessible={true}
      hitSlop={undefined}
      onLayout={undefined}
      onResponderGrant={[Function]}
      onResponderMove={[Function]}
      onResponderRelease={[Function]}
      onResponderTerminate={[Function]}
      onResponderTerminationRequest={[Function]}
      onStartShouldSetResponder={[Function]}
      style={
        Array [
          Object {
            "backgroundColor": "transparent",
          },
          undefined,
        ]
      }
      testID={undefined}>
      <Text
        accessible={true}
        allowFontScaling={true}
        ellipsizeMode="tail"
        style={
          Object {
            "color": "#4AC948",
            "fontSize": 14,
            "padding": 5,
            "textAlign": "center",
          }
        }>
        Dont have an account?
      </Text>
    </View>
  </View>
</View>
`;
